// Jest Snapshot v1, https://goo.gl/fbAQLP

exports[`Configure Component test 1`] = `
<div
  className="configure"
>
  <div
    className="configurationLeft"
  >
    <div
      className="configurationLeft-element"
    >
      <div
        className="configurationLeft-element-title"
      >
        <h3>
          General
        </h3>
        <p>
          Basic settings
        </p>
      </div>
      <img
        src="test-file-stub"
      />
    </div>
  </div>
  <div
    className="configurationRight"
  >
    <div
      className="meta-info"
    >
      <div
        className="configure-fields"
      >
        <div
          className="meta-info-container"
        >
          <h3>
            Meta Information
          </h3>
          <p>
            Used by social networks and search engines
          </p>
          <label
            htmlFor="title"
          >
            Title: 
          </label>
          <input
            name="title"
            onChange={[Function]}
            type="text"
            value=""
          />
          <label
            htmlFor="description"
          >
            Description: 
          </label>
          <textarea
            cols="30"
            name="description"
            onChange={[Function]}
            rows="10"
            value=""
          />
        </div>
        <div
          className="company-name-container"
        >
          <h3>
            Company Branding
          </h3>
          <div
            className="companyLogoBox"
          >
            <p>
              Logo visible on deployed content:
            </p>
            <input
              checked={true}
              id="useCompanyLogo"
              onChange={[Function]}
              type="checkbox"
            />
            <label
              htmlFor="useCompanyLogo"
            >
               
            </label>
          </div>
        </div>
      </div>
      <div
        className="meta-info-save-container"
      >
        <button
          onClick={[Function]}
          type="button"
        >
          Save
        </button>
      </div>
    </div>
  </div>
</div>
`;
